// Jest Snapshot v1, https://goo.gl/fbAQLP

exports[`Profile Card snapshot 1`] = `
<div
  className="border-0 card"
>
  <div
    className="card-body"
  >
    <div
      className="d-flex flex-column align-items-center text-center"
    >
      <img
        className="my-2 border border-primary border-1 rounded-circle"
        height={48}
        src={null}
        width={48}
      />
      <div
        className="fs-6 card-title h5"
      >
        Mossie Murphy
      </div>
      <button
        className="btn btn-primary"
        disabled={false}
        onClick={[Function]}
        type="button"
      >
        See profile
      </button>
    </div>
  </div>
</div>
`;
